2026-07-25 04:30:02,703 [INFO] [main.py:35]: Initializing Modular Vulnerability Assessment Session...
2026-07-25 04:30:02,703 [INFO] [main.py:36]: Target Acquired: https://www.gnauniversity.edu.in/
2026-07-25 04:30:02,703 [INFO] [main.py:37]: Output Directory Configured: /home/kali/Desktop/secure-site-scan-main/reports/www.gnauniversity.edu.in_
2026-07-25 04:30:02,704 [INFO] [runner.py:54]: === Starting Assessment Pipeline on Target: https://www.gnauniversity.edu.in/ ===
2026-07-25 04:30:02,704 [INFO] [runner.py:57]: --> [Phase 1/2] Launching Reconnaissance & Service Enumeration Tools...
2026-07-25 04:30:02,704 [INFO] [recon.py:61]: Running [Subfinder Subdomain Discovery] on: www.gnauniversity.edu.in
2026-07-25 04:30:35,851 [INFO] [recon.py:190]: Running [HTTP Service Prober] on target: https://www.gnauniversity.edu.in/
2026-07-25 04:30:38,314 [INFO] [recon.py:248]: Running [Nmap Port & Service Scanner] on: www.gnauniversity.edu.in
2026-07-25 04:35:43,700 [ERROR] [executor.py:82]: Command timed out after 300 seconds: nmap -sV -sC --top-ports 1000 -T4 --open -oX reports/www.gnauniversity.edu.in_/nmap_output.xml www.gnauniversity.edu.in
2026-07-25 04:35:43,701 [ERROR] [recon.py:367]: Failed to parse Nmap XML: no element found: line 15, column 0
2026-07-25 04:35:43,701 [INFO] [recon.py:393]: Running [WhatWeb Tech Stack Fingerprinter] on: https://www.gnauniversity.edu.in/
2026-07-25 04:37:00,799 [INFO] [recon.py:486]: Running [Katana Web Crawler] on: https://www.gnauniversity.edu.in/
2026-07-25 04:37:15,887 [INFO] [runner.py:86]: --> [Phase 2/2] Launching Vulnerability Scanners...
2026-07-25 04:37:15,887 [INFO] [scanners.py:114]: Running [TestSSL Comprehensive TLS/SSL Auditor] on: www.gnauniversity.edu.in:443
2026-07-25 04:38:10,988 [INFO] [scanners.py:253]: Running [Nuclei Vulnerability Scanner] on: https://www.gnauniversity.edu.in/
2026-07-25 04:39:29,195 [INFO] [runner.py:100]: --> [Phase 3/3] Generating Consolidated Reports...
2026-07-25 04:39:29,195 [INFO] [reporter.py:50]: Master JSON report generated at: /home/kali/Desktop/secure-site-scan-main/reports/www.gnauniversity.edu.in_/report.json
2026-07-25 04:39:29,195 [INFO] [reporter.py:128]: Executive Markdown summary generated at: /home/kali/Desktop/secure-site-scan-main/reports/www.gnauniversity.edu.in_/summary.md
2026-07-25 04:39:29,217 [INFO] [reporter.py:163]: Professional Jinja2 HTML report generated at: /home/kali/Desktop/secure-site-scan-main/reports/www.gnauniversity.edu.in_/report.html
2026-07-25 04:39:29,217 [INFO] [runner.py:111]: === Assessment Pipeline Execution Finished Successfully ===
