2026-07-28 11:27:01,475 [INFO] [main.py:35]: Initializing Modular Vulnerability Assessment Session...
2026-07-28 11:27:01,476 [INFO] [main.py:36]: Target Acquired: flipkart.com
2026-07-28 11:27:01,476 [INFO] [main.py:37]: Output Directory Configured: /home/kali/Desktop/secure-site-scan-main/reports/flipkart.com
2026-07-28 11:27:01,476 [INFO] [runner.py:57]: === Starting Assessment Pipeline on Target: flipkart.com ===
2026-07-28 11:27:01,476 [INFO] [runner.py:60]: --> [Phase 1/2] Launching Reconnaissance & Service Enumeration Tools...
2026-07-28 11:27:01,476 [INFO] [recon.py:61]: Running [Subfinder Subdomain Discovery] on: flipkart.com
2026-07-28 11:27:33,312 [INFO] [recon.py:190]: Running [HTTP Service Prober] on target: flipkart.com
2026-07-28 11:27:35,892 [INFO] [recon.py:248]: Running [Nmap Port & Service Scanner] on: flipkart.com
2026-07-28 11:28:50,046 [INFO] [recon.py:393]: Running [WhatWeb Tech Stack Fingerprinter] on: https://flipkart.com
2026-07-28 11:29:03,613 [INFO] [recon.py:486]: Running [Katana Web Crawler] on: https://flipkart.com
2026-07-28 11:29:15,152 [INFO] [secretfinder.py:265]: [SecretFinder JavaScript Secret Scanner] ─── Starting SecretFinder JavaScript Analysis ───
2026-07-28 11:29:15,152 [INFO] [secretfinder.py:284]: [SecretFinder JavaScript Secret Scanner] Katana discovered 1 total endpoints; 0 unique JavaScript files to scan.
2026-07-28 11:29:15,152 [INFO] [secretfinder.py:290]: [SecretFinder JavaScript Secret Scanner] No JavaScript files found in Katana output. Skipping.
2026-07-28 11:29:15,152 [INFO] [runner.py:98]: --> [Phase 2/3] Launching Vulnerability Scanners...
2026-07-28 11:29:15,152 [INFO] [scanners.py:114]: Running [TestSSL Comprehensive TLS/SSL Auditor] on: flipkart.com:443
2026-07-28 11:30:22,647 [INFO] [scanners.py:253]: Running [Nuclei Vulnerability Scanner] on: https://flipkart.com
2026-07-28 11:35:28,639 [ERROR] [executor.py:82]: Command timed out after 300 seconds: nuclei -u https://flipkart.com -j -o reports/flipkart.com/nuclei_output.json -silent -no-color
2026-07-28 11:35:28,640 [INFO] [runner.py:112]: --> [Phase 3/3] Generating Consolidated Reports...
2026-07-28 11:35:28,641 [INFO] [reporter.py:50]: Master JSON report generated at: /home/kali/Desktop/secure-site-scan-main/reports/flipkart.com/report.json
2026-07-28 11:35:28,642 [INFO] [reporter.py:190]: Executive Markdown summary generated at: /home/kali/Desktop/secure-site-scan-main/reports/flipkart.com/summary.md
2026-07-29 01:21:52,406 [INFO] [main.py:23]: Initializing Modular Vulnerability Assessment Session...
2026-07-29 01:21:52,407 [INFO] [main.py:24]: Target Acquired: flipkart.com
2026-07-29 01:21:52,407 [INFO] [main.py:25]: Output Directory Configured: /home/kali/Desktop/secure-site-scan-main/reports/flipkart.com
2026-07-29 01:22:01,300 [INFO] [runner.py:76]: --> Running selected module: secretfinder
2026-07-29 01:22:01,311 [INFO] [secretfinder.py:323]: [SecretFinder JavaScript Secret Scanner] ─── Starting SecretFinder JavaScript Analysis ───
2026-07-29 01:22:01,311 [INFO] [secretfinder.py:346]: [SecretFinder JavaScript Secret Scanner] No explicit JS endpoints were found. Falling back to target URL: flipkart.com
2026-07-29 01:22:01,311 [INFO] [secretfinder.py:352]: [SecretFinder JavaScript Secret Scanner] Discovered 1 JavaScript source(s) for SecretFinder analysis.
2026-07-29 01:22:01,311 [INFO] [secretfinder.py:365]: [SecretFinder JavaScript Secret Scanner] Scanning JS target: flipkart.com
2026-07-29 01:22:01,441 [INFO] [secretfinder.py:379]: [SecretFinder JavaScript Secret Scanner] 1 finding(s) discovered in flipkart.com
2026-07-29 01:22:01,441 [INFO] [secretfinder.py:527]: [SecretFinder JavaScript Secret Scanner] Secrets JSON saved to: /home/kali/Desktop/secure-site-scan-main/reports/flipkart.com/secrets.json
2026-07-29 01:22:01,441 [INFO] [secretfinder.py:393]: [SecretFinder JavaScript Secret Scanner] Scan complete — JS targets: 1 total / 1 scanned / 0 failed | Unique findings: 1
2026-07-29 12:33:17,058 [INFO] [main.py:34]: Initializing Modular Vulnerability Assessment Session...
2026-07-29 12:33:17,058 [INFO] [main.py:35]: Target Acquired: flipkart.com
2026-07-29 12:33:17,058 [INFO] [main.py:36]: Output Directory Configured: /home/kali/Desktop/secure-site-scan-main/reports/flipkart.com
2026-07-29 12:33:21,651 [INFO] [runner.py:89]: --> Running selected module: nmap
2026-07-29 12:33:21,658 [INFO] [recon.py:249]: Running [Nmap Port & Service Scanner] on: flipkart.com
2026-07-29 12:51:46,061 [INFO] [main.py:34]: Initializing Modular Vulnerability Assessment Session...
2026-07-29 12:51:46,062 [INFO] [main.py:35]: Target Acquired: flipkart.com
2026-07-29 12:51:46,062 [INFO] [main.py:36]: Output Directory Configured: /home/kali/Desktop/secure-site-scan-main/reports/flipkart.com
2026-07-29 12:52:00,738 [INFO] [runner.py:89]: --> Running selected module: nmap
2026-07-29 12:52:00,751 [INFO] [recon.py:250]: Running [Nmap Port & Service Scanner] on: flipkart.com
2026-07-29 12:55:52,766 [INFO] [main.py:34]: Initializing Modular Vulnerability Assessment Session...
2026-07-29 12:55:52,766 [INFO] [main.py:35]: Target Acquired: lpu.in
2026-07-29 12:55:52,766 [INFO] [main.py:36]: Output Directory Configured: /home/kali/Desktop/secure-site-scan-main/reports/lpu.in
2026-07-29 12:55:56,950 [INFO] [runner.py:89]: --> Running selected module: nmap
2026-07-29 12:55:56,951 [INFO] [recon.py:250]: Running [Nmap Port & Service Scanner] on: lpu.in
2026-07-29 13:03:07,467 [INFO] [main.py:34]: Initializing Modular Vulnerability Assessment Session...
2026-07-29 13:03:07,467 [INFO] [main.py:35]: Target Acquired: amazon.in
2026-07-29 13:03:07,467 [INFO] [main.py:36]: Output Directory Configured: /home/kali/Desktop/secure-site-scan-main/reports/amazon.in
2026-07-29 13:03:18,980 [INFO] [runner.py:89]: --> Running selected module: secretfinder
2026-07-29 13:03:18,980 [INFO] [secretfinder.py:398]: [SecretFinder JavaScript Secret Scanner] ─── Starting SecretFinder JavaScript Analysis ───
2026-07-29 13:03:18,981 [INFO] [secretfinder.py:422]: [SecretFinder JavaScript Secret Scanner] No explicit JS endpoints were found. Falling back to target URL: https://amazon.in
2026-07-29 13:03:18,981 [INFO] [secretfinder.py:428]: [SecretFinder JavaScript Secret Scanner] Discovered 1 JavaScript source(s) for SecretFinder analysis.
2026-07-29 13:03:18,981 [INFO] [secretfinder.py:441]: [SecretFinder JavaScript Secret Scanner] Scanning JS target: https://amazon.in
2026-07-29 13:03:20,730 [INFO] [secretfinder.py:455]: [SecretFinder JavaScript Secret Scanner] 24 finding(s) discovered in https://amazon.in
2026-07-29 13:03:20,731 [INFO] [secretfinder.py:604]: [SecretFinder JavaScript Secret Scanner] Secrets JSON saved to: /home/kali/Desktop/secure-site-scan-main/reports/amazon.in/secrets.json
2026-07-29 13:03:20,731 [INFO] [secretfinder.py:470]: [SecretFinder JavaScript Secret Scanner] Scan complete — JS targets: 1 total / 1 scanned / 0 failed | Unique findings: 24
2026-07-29 13:03:56,000 [INFO] [main.py:34]: Initializing Modular Vulnerability Assessment Session...
2026-07-29 13:03:56,000 [INFO] [main.py:35]: Target Acquired: flipkart.com
2026-07-29 13:03:56,000 [INFO] [main.py:36]: Output Directory Configured: /home/kali/Desktop/secure-site-scan-main/reports/flipkart.com
2026-07-29 13:04:02,755 [INFO] [runner.py:89]: --> Running selected module: secretfinder
2026-07-29 13:04:02,755 [INFO] [secretfinder.py:398]: [SecretFinder JavaScript Secret Scanner] ─── Starting SecretFinder JavaScript Analysis ───
2026-07-29 13:04:02,755 [INFO] [secretfinder.py:422]: [SecretFinder JavaScript Secret Scanner] No explicit JS endpoints were found. Falling back to target URL: https://flipkart.com
2026-07-29 13:04:02,755 [INFO] [secretfinder.py:428]: [SecretFinder JavaScript Secret Scanner] Discovered 1 JavaScript source(s) for SecretFinder analysis.
2026-07-29 13:04:02,755 [INFO] [secretfinder.py:441]: [SecretFinder JavaScript Secret Scanner] Scanning JS target: https://flipkart.com
2026-07-29 13:04:14,537 [INFO] [secretfinder.py:455]: [SecretFinder JavaScript Secret Scanner] 647 finding(s) discovered in https://flipkart.com
2026-07-29 13:04:14,544 [INFO] [secretfinder.py:604]: [SecretFinder JavaScript Secret Scanner] Secrets JSON saved to: /home/kali/Desktop/secure-site-scan-main/reports/flipkart.com/secrets.json
2026-07-29 13:04:14,544 [INFO] [secretfinder.py:470]: [SecretFinder JavaScript Secret Scanner] Scan complete — JS targets: 1 total / 1 scanned / 0 failed | Unique findings: 647
2026-07-29 13:04:57,559 [INFO] [main.py:34]: Initializing Modular Vulnerability Assessment Session...
2026-07-29 13:04:57,559 [INFO] [main.py:35]: Target Acquired: netflix.in
2026-07-29 13:04:57,560 [INFO] [main.py:36]: Output Directory Configured: /home/kali/Desktop/secure-site-scan-main/reports/netflix.in
2026-07-29 13:05:06,564 [INFO] [runner.py:89]: --> Running selected module: naabu
2026-07-29 13:05:06,564 [INFO] [naabu.py:42]: Starting Naabu on: netflix.in
2026-07-29 13:05:16,507 [INFO] [naabu.py:72]: Naabu discovered 4 open port(s)
2026-07-29 13:06:25,767 [INFO] [main.py:34]: Initializing Modular Vulnerability Assessment Session...
2026-07-29 13:06:25,767 [INFO] [main.py:35]: Target Acquired: netflix.in
2026-07-29 13:06:25,768 [INFO] [main.py:36]: Output Directory Configured: /home/kali/Desktop/secure-site-scan-main/reports/netflix.in
2026-07-29 13:07:48,416 [INFO] [main.py:34]: Initializing Modular Vulnerability Assessment Session...
2026-07-29 13:07:48,416 [INFO] [main.py:35]: Target Acquired: lpu.in
2026-07-29 13:07:48,416 [INFO] [main.py:36]: Output Directory Configured: /home/kali/Desktop/secure-site-scan-main/reports/lpu.in
2026-07-29 13:07:59,757 [INFO] [runner.py:89]: --> Running selected module: naabu
2026-07-29 13:07:59,757 [INFO] [naabu.py:42]: Starting Naabu on: lpu.in
2026-07-29 13:08:06,176 [INFO] [naabu.py:72]: Naabu discovered 1 open port(s)
2026-07-29 13:08:29,142 [INFO] [main.py:34]: Initializing Modular Vulnerability Assessment Session...
2026-07-29 13:08:29,142 [INFO] [main.py:35]: Target Acquired: amazonprime.in
2026-07-29 13:08:29,142 [INFO] [main.py:36]: Output Directory Configured: /home/kali/Desktop/secure-site-scan-main/reports/amazonprime.in
2026-07-29 13:08:35,744 [INFO] [runner.py:89]: --> Running selected module: naabu
2026-07-29 13:08:35,744 [INFO] [naabu.py:42]: Starting Naabu on: amazonprime.in
2026-07-29 13:08:53,372 [INFO] [naabu.py:72]: Naabu discovered 2 open port(s)
2026-07-29 13:09:06,200 [INFO] [main.py:34]: Initializing Modular Vulnerability Assessment Session...
2026-07-29 13:09:06,200 [INFO] [main.py:35]: Target Acquired: nasa.gov
2026-07-29 13:09:06,200 [INFO] [main.py:36]: Output Directory Configured: /home/kali/Desktop/secure-site-scan-main/reports/nasa.gov
2026-07-29 13:09:10,676 [INFO] [runner.py:89]: --> Running selected module: naabu
2026-07-29 13:09:10,676 [INFO] [naabu.py:42]: Starting Naabu on: nasa.gov
2026-07-29 13:09:24,782 [INFO] [naabu.py:72]: Naabu discovered 0 open port(s)
2026-07-29 13:09:52,304 [INFO] [main.py:34]: Initializing Modular Vulnerability Assessment Session...
2026-07-29 13:09:52,304 [INFO] [main.py:35]: Target Acquired: isro.gov.in
2026-07-29 13:09:52,304 [INFO] [main.py:36]: Output Directory Configured: /home/kali/Desktop/secure-site-scan-main/reports/isro.gov.in
2026-07-29 13:09:56,664 [INFO] [runner.py:89]: --> Running selected module: naabu
2026-07-29 13:09:56,664 [INFO] [naabu.py:42]: Starting Naabu on: isro.gov.in
2026-07-29 13:09:58,080 [INFO] [naabu.py:72]: Naabu discovered 0 open port(s)
2026-07-29 13:11:24,786 [INFO] [main.py:34]: Initializing Modular Vulnerability Assessment Session...
2026-07-29 13:11:24,786 [INFO] [main.py:35]: Target Acquired: https://indianairforce.nic.in/
2026-07-29 13:11:24,786 [INFO] [main.py:36]: Output Directory Configured: /home/kali/Desktop/secure-site-scan-main/reports/indianairforce.nic.in_
2026-07-29 13:11:31,229 [INFO] [runner.py:89]: --> Running selected module: naabu
2026-07-29 13:11:31,229 [INFO] [naabu.py:42]: Starting Naabu on: indianairforce.nic.in
2026-07-29 13:11:37,590 [INFO] [naabu.py:72]: Naabu discovered 0 open port(s)
2026-07-29 13:12:22,872 [INFO] [main.py:34]: Initializing Modular Vulnerability Assessment Session...
2026-07-29 13:12:22,872 [INFO] [main.py:35]: Target Acquired: youtube.com
2026-07-29 13:12:22,872 [INFO] [main.py:36]: Output Directory Configured: /home/kali/Desktop/secure-site-scan-main/reports/youtube.com
2026-07-29 13:12:25,805 [INFO] [runner.py:89]: --> Running selected module: naabu
2026-07-29 13:12:25,805 [INFO] [naabu.py:42]: Starting Naabu on: youtube.com
2026-07-29 13:12:34,874 [INFO] [naabu.py:72]: Naabu discovered 0 open port(s)
2026-07-29 13:12:51,283 [INFO] [main.py:34]: Initializing Modular Vulnerability Assessment Session...
2026-07-29 13:12:51,283 [INFO] [main.py:35]: Target Acquired: amazon.in
2026-07-29 13:12:51,283 [INFO] [main.py:36]: Output Directory Configured: /home/kali/Desktop/secure-site-scan-main/reports/amazon.in
2026-07-29 13:12:54,926 [INFO] [runner.py:89]: --> Running selected module: naabu
2026-07-29 13:12:54,926 [INFO] [naabu.py:42]: Starting Naabu on: amazon.in
2026-07-29 13:13:01,270 [INFO] [naabu.py:72]: Naabu discovered 0 open port(s)
2026-07-29 13:13:12,263 [INFO] [main.py:34]: Initializing Modular Vulnerability Assessment Session...
2026-07-29 13:13:12,263 [INFO] [main.py:35]: Target Acquired: flipkart.com
2026-07-29 13:13:12,263 [INFO] [main.py:36]: Output Directory Configured: /home/kali/Desktop/secure-site-scan-main/reports/flipkart.com
2026-07-29 13:13:14,570 [INFO] [runner.py:89]: --> Running selected module: naabu
2026-07-29 13:13:14,570 [INFO] [naabu.py:42]: Starting Naabu on: flipkart.com
2026-07-29 13:13:28,688 [INFO] [naabu.py:72]: Naabu discovered 0 open port(s)
2026-07-29 13:14:03,174 [INFO] [main.py:34]: Initializing Modular Vulnerability Assessment Session...
2026-07-29 13:14:03,174 [INFO] [main.py:35]: Target Acquired: flipkart.in
2026-07-29 13:14:03,174 [INFO] [main.py:36]: Output Directory Configured: /home/kali/Desktop/secure-site-scan-main/reports/flipkart.in
2026-07-29 13:14:14,125 [INFO] [runner.py:89]: --> Running selected module: naabu
2026-07-29 13:14:14,126 [INFO] [naabu.py:42]: Starting Naabu on: flipkart.in
2026-07-29 13:14:17,639 [INFO] [naabu.py:72]: Naabu discovered 1000 open port(s)
2026-07-29 13:14:49,522 [INFO] [main.py:34]: Initializing Modular Vulnerability Assessment Session...
2026-07-29 13:14:49,522 [INFO] [main.py:35]: Target Acquired: isro.gov.in
2026-07-29 13:14:49,522 [INFO] [main.py:36]: Output Directory Configured: /home/kali/Desktop/secure-site-scan-main/reports/isro.gov.in
2026-07-29 13:14:55,145 [INFO] [runner.py:89]: --> Running selected module: naabu
2026-07-29 13:14:55,145 [INFO] [naabu.py:42]: Starting Naabu on: isro.gov.in
2026-07-29 13:14:56,705 [INFO] [naabu.py:72]: Naabu discovered 0 open port(s)
2026-07-29 13:15:13,888 [INFO] [main.py:34]: Initializing Modular Vulnerability Assessment Session...
2026-07-29 13:15:13,888 [INFO] [main.py:35]: Target Acquired: youtube.com
2026-07-29 13:15:13,888 [INFO] [main.py:36]: Output Directory Configured: /home/kali/Desktop/secure-site-scan-main/reports/youtube.com
2026-07-29 13:15:17,746 [INFO] [runner.py:89]: --> Running selected module: naabu
2026-07-29 13:15:17,747 [INFO] [naabu.py:42]: Starting Naabu on: youtube.com
2026-07-29 13:15:22,897 [INFO] [naabu.py:72]: Naabu discovered 1000 open port(s)
2026-07-29 13:16:00,447 [INFO] [main.py:34]: Initializing Modular Vulnerability Assessment Session...
2026-07-29 13:16:00,447 [INFO] [main.py:35]: Target Acquired: youtube.com
2026-07-29 13:16:00,447 [INFO] [main.py:36]: Output Directory Configured: /home/kali/Desktop/secure-site-scan-main/reports/youtube.com
2026-07-29 13:16:06,984 [INFO] [runner.py:89]: --> Running selected module: naabu
2026-07-29 13:16:06,985 [INFO] [naabu.py:42]: Starting Naabu on: youtube.com
2026-07-29 13:16:16,137 [INFO] [naabu.py:72]: Naabu discovered 0 open port(s)
2026-07-29 13:18:48,317 [INFO] [main.py:34]: Initializing Modular Vulnerability Assessment Session...
2026-07-29 13:18:48,318 [INFO] [main.py:35]: Target Acquired: amazon.com
2026-07-29 13:18:48,318 [INFO] [main.py:36]: Output Directory Configured: /home/kali/Desktop/secure-site-scan-main/reports/amazon.com
2026-07-29 13:18:51,305 [INFO] [runner.py:89]: --> Running selected module: naabu
2026-07-29 13:18:51,306 [INFO] [naabu.py:42]: Starting Naabu on: amazon.com
2026-07-29 13:18:57,735 [INFO] [naabu.py:72]: Naabu discovered 0 open port(s)
2026-07-29 13:19:18,233 [INFO] [main.py:34]: Initializing Modular Vulnerability Assessment Session...
2026-07-29 13:19:18,233 [INFO] [main.py:35]: Target Acquired: instagram.com
2026-07-29 13:19:18,233 [INFO] [main.py:36]: Output Directory Configured: /home/kali/Desktop/secure-site-scan-main/reports/instagram.com
2026-07-29 13:19:20,993 [INFO] [runner.py:89]: --> Running selected module: naabu
2026-07-29 13:19:20,994 [INFO] [naabu.py:42]: Starting Naabu on: instagram.com
2026-07-29 13:19:30,155 [INFO] [naabu.py:72]: Naabu discovered 0 open port(s)
2026-07-29 13:19:50,990 [INFO] [main.py:34]: Initializing Modular Vulnerability Assessment Session...
2026-07-29 13:19:50,990 [INFO] [main.py:35]: Target Acquired: lpu.in
2026-07-29 13:19:50,990 [INFO] [main.py:36]: Output Directory Configured: /home/kali/Desktop/secure-site-scan-main/reports/lpu.in
2026-07-29 13:19:56,194 [INFO] [runner.py:89]: --> Running selected module: naabu
2026-07-29 13:19:56,194 [INFO] [naabu.py:42]: Starting Naabu on: lpu.in
2026-07-29 13:20:10,309 [INFO] [naabu.py:72]: Naabu discovered 1 open port(s)
2026-07-29 13:21:05,778 [INFO] [main.py:34]: Initializing Modular Vulnerability Assessment Session...
2026-07-29 13:21:05,778 [INFO] [main.py:35]: Target Acquired: https://www.tatamotors.com/
2026-07-29 13:21:05,778 [INFO] [main.py:36]: Output Directory Configured: /home/kali/Desktop/secure-site-scan-main/reports/www.tatamotors.com_
2026-07-29 13:21:08,637 [INFO] [runner.py:89]: --> Running selected module: naabu
2026-07-29 13:21:08,637 [INFO] [naabu.py:42]: Starting Naabu on: www.tatamotors.com
2026-07-29 13:21:17,991 [INFO] [naabu.py:72]: Naabu discovered 2 open port(s)
2026-07-29 13:31:47,293 [INFO] [main.py:34]: Initializing Modular Vulnerability Assessment Session...
2026-07-29 13:31:47,293 [INFO] [main.py:35]: Target Acquired: flipkart.com
2026-07-29 13:31:47,293 [INFO] [main.py:36]: Output Directory Configured: /home/kali/Desktop/secure-site-scan-main/reports/flipkart.com
2026-07-29 13:31:50,087 [INFO] [runner.py:35]: === Starting Assessment Pipeline on Target: flipkart.com ===
2026-07-29 13:31:50,088 [INFO] [runner.py:53]: --> Running module: Subfinder
2026-07-29 13:31:50,096 [INFO] [recon.py:63]: Running [Subfinder Subdomain Discovery] on: flipkart.com
2026-07-29 13:32:21,454 [INFO] [runner.py:53]: --> Running module: HTTPX
2026-07-29 13:32:21,455 [INFO] [recon.py:192]: Running [HTTP Service Prober] on target: flipkart.com
2026-07-29 13:32:24,173 [INFO] [runner.py:53]: --> Running module: Nmap
2026-07-29 13:32:24,174 [INFO] [recon.py:250]: Running [Nmap Port & Service Scanner] on: flipkart.com
2026-07-29 13:34:45,149 [INFO] [runner.py:53]: --> Running module: WhatWeb
2026-07-29 13:34:45,150 [INFO] [recon.py:697]: Running [WhatWeb Tech Stack Fingerprinter] on: https://flipkart.com
2026-07-29 13:35:01,686 [INFO] [runner.py:53]: --> Running module: Katana
2026-07-29 13:35:01,686 [INFO] [recon.py:790]: Running [Katana Web Crawler] on: https://flipkart.com
2026-07-29 13:35:12,860 [INFO] [runner.py:53]: --> Running module: LinkFinder
2026-07-29 13:35:12,954 [INFO] [linkfinder.py:113]: Running LinkFinder on 1 JavaScript candidate(s)
2026-07-29 13:35:14,265 [INFO] [runner.py:53]: --> Running module: SecretFinder
2026-07-29 13:35:14,265 [INFO] [secretfinder.py:398]: [SecretFinder JavaScript Secret Scanner] ─── Starting SecretFinder JavaScript Analysis ───
2026-07-29 13:35:14,266 [INFO] [secretfinder.py:422]: [SecretFinder JavaScript Secret Scanner] No explicit JS endpoints were found. Falling back to target URL: https://flipkart.com
2026-07-29 13:35:14,266 [INFO] [secretfinder.py:428]: [SecretFinder JavaScript Secret Scanner] Discovered 1 JavaScript source(s) for SecretFinder analysis.
2026-07-29 13:35:14,266 [INFO] [secretfinder.py:441]: [SecretFinder JavaScript Secret Scanner] Scanning JS target: https://flipkart.com
2026-07-29 13:35:25,846 [INFO] [secretfinder.py:455]: [SecretFinder JavaScript Secret Scanner] 640 finding(s) discovered in https://flipkart.com
2026-07-29 13:35:25,853 [INFO] [secretfinder.py:604]: [SecretFinder JavaScript Secret Scanner] Secrets JSON saved to: /home/kali/Desktop/secure-site-scan-main/reports/flipkart.com/secrets.json
2026-07-29 13:35:25,853 [INFO] [secretfinder.py:470]: [SecretFinder JavaScript Secret Scanner] Scan complete — JS targets: 1 total / 1 scanned / 0 failed | Unique findings: 640
2026-07-29 13:35:25,863 [INFO] [runner.py:53]: --> Running module: TestSSL
2026-07-29 13:35:25,864 [INFO] [scanners.py:114]: Running [TestSSL Comprehensive TLS/SSL Auditor] on: flipkart.com:443
2026-07-29 13:36:34,581 [INFO] [runner.py:53]: --> Running module: Nuclei
2026-07-29 13:36:34,581 [INFO] [scanners.py:253]: Running [Nuclei Vulnerability Scanner] on: https://flipkart.com
2026-07-29 13:41:34,748 [ERROR] [executor.py:120]: Command timed out after 300 seconds: nuclei -u https://flipkart.com -j -o reports/flipkart.com/nuclei_output.json -silent -no-color
2026-07-29 13:41:34,748 [INFO] [runner.py:67]: --> Generating Consolidated Reports...
2026-07-29 13:41:34,766 [INFO] [reporter.py:50]: Master JSON report generated at: /home/kali/Desktop/secure-site-scan-main/reports/flipkart.com/report.json
2026-07-29 13:41:34,770 [INFO] [reporter.py:260]: Executive Markdown summary generated at: /home/kali/Desktop/secure-site-scan-main/reports/flipkart.com/summary.md
2026-07-29 13:51:50,717 [INFO] [main.py:34]: Initializing Modular Vulnerability Assessment Session...
2026-07-29 13:51:50,717 [INFO] [main.py:35]: Target Acquired: flipkart.com
2026-07-29 13:51:50,718 [INFO] [main.py:36]: Output Directory Configured: /home/kali/Desktop/secure-site-scan-main/reports/flipkart.com
2026-07-29 13:53:03,465 [INFO] [main.py:34]: Initializing Modular Vulnerability Assessment Session...
2026-07-29 13:53:03,466 [INFO] [main.py:35]: Target Acquired: flipkart.com
2026-07-29 13:53:03,466 [INFO] [main.py:36]: Output Directory Configured: /home/kali/Desktop/secure-site-scan-main/reports/flipkart.com
2026-07-29 13:53:04,823 [INFO] [runner.py:35]: === Starting Assessment Pipeline on Target: flipkart.com ===
2026-07-29 13:53:04,823 [INFO] [runner.py:53]: --> Running module: Subfinder
2026-07-29 13:53:04,831 [INFO] [recon.py:63]: Running [Subfinder Subdomain Discovery] on: flipkart.com
2026-07-29 13:53:36,424 [INFO] [runner.py:53]: --> Running module: HTTPX
2026-07-29 13:53:36,424 [INFO] [recon.py:192]: Running [HTTP Service Prober] on target: flipkart.com
2026-07-29 13:53:38,964 [INFO] [runner.py:53]: --> Running module: Nmap
2026-07-29 13:53:38,964 [INFO] [recon.py:250]: Running [Nmap Port & Service Scanner] on: flipkart.com
2026-07-29 13:56:34,398 [INFO] [runner.py:53]: --> Running module: WhatWeb
2026-07-29 13:56:34,398 [INFO] [recon.py:697]: Running [WhatWeb Tech Stack Fingerprinter] on: https://flipkart.com
2026-07-29 13:57:13,377 [INFO] [runner.py:53]: --> Running module: Katana
2026-07-29 13:57:13,378 [INFO] [recon.py:790]: Running [Katana Web Crawler] on: https://flipkart.com
2026-07-29 13:57:24,541 [INFO] [runner.py:53]: --> Running module: LinkFinder
2026-07-29 13:57:24,625 [INFO] [linkfinder.py:113]: Running LinkFinder on 1 JavaScript candidate(s)
2026-07-29 13:57:26,254 [INFO] [runner.py:53]: --> Running module: SecretFinder
2026-07-29 13:57:26,255 [INFO] [secretfinder.py:398]: [SecretFinder JavaScript Secret Scanner] ─── Starting SecretFinder JavaScript Analysis ───
2026-07-29 13:57:26,255 [INFO] [secretfinder.py:422]: [SecretFinder JavaScript Secret Scanner] No explicit JS endpoints were found. Falling back to target URL: https://flipkart.com
2026-07-29 13:57:26,255 [INFO] [secretfinder.py:428]: [SecretFinder JavaScript Secret Scanner] Discovered 1 JavaScript source(s) for SecretFinder analysis.
2026-07-29 13:57:26,255 [INFO] [secretfinder.py:441]: [SecretFinder JavaScript Secret Scanner] Scanning JS target: https://flipkart.com
2026-07-29 13:57:37,721 [INFO] [secretfinder.py:455]: [SecretFinder JavaScript Secret Scanner] 636 finding(s) discovered in https://flipkart.com
2026-07-29 13:57:37,728 [INFO] [secretfinder.py:604]: [SecretFinder JavaScript Secret Scanner] Secrets JSON saved to: /home/kali/Desktop/secure-site-scan-main/reports/flipkart.com/secrets.json
2026-07-29 13:57:37,728 [INFO] [secretfinder.py:470]: [SecretFinder JavaScript Secret Scanner] Scan complete — JS targets: 1 total / 1 scanned / 0 failed | Unique findings: 636
2026-07-29 13:57:37,737 [INFO] [runner.py:53]: --> Running module: TestSSL
2026-07-29 13:57:37,738 [INFO] [scanners.py:114]: Running [TestSSL Comprehensive TLS/SSL Auditor] on: flipkart.com:443
2026-07-29 13:58:44,435 [INFO] [runner.py:53]: --> Running module: Nuclei
2026-07-29 13:58:44,435 [INFO] [scanners.py:253]: Running [Nuclei Vulnerability Scanner] on: https://flipkart.com
2026-07-29 14:03:44,560 [ERROR] [executor.py:120]: Command timed out after 300 seconds: nuclei -u https://flipkart.com -j -o reports/flipkart.com/nuclei_output.json -silent -no-color
2026-07-29 14:03:44,561 [INFO] [runner.py:67]: --> Generating Consolidated Reports...
2026-07-29 14:03:44,571 [INFO] [reporter.py:50]: Master JSON report generated at: /home/kali/Desktop/secure-site-scan-main/reports/flipkart.com/report.json
2026-07-29 14:03:44,572 [INFO] [reporter.py:260]: Executive Markdown summary generated at: /home/kali/Desktop/secure-site-scan-main/reports/flipkart.com/summary.md
2026-07-29 14:07:06,601 [INFO] [main.py:34]: Initializing Modular Vulnerability Assessment Session...
2026-07-29 14:07:06,601 [INFO] [main.py:35]: Target Acquired: flipkart.com
2026-07-29 14:07:06,601 [INFO] [main.py:36]: Output Directory Configured: /home/kali/Desktop/secure-site-scan-main/reports/flipkart.com
2026-07-29 14:07:08,219 [INFO] [runner.py:35]: === Starting Assessment Pipeline on Target: flipkart.com ===
2026-07-29 14:07:08,219 [INFO] [runner.py:51]: --> Running module: Subfinder
2026-07-29 14:07:08,227 [INFO] [recon.py:63]: Running [Subfinder Subdomain Discovery] on: flipkart.com
2026-07-29 14:07:40,052 [INFO] [runner.py:51]: --> Running module: HTTPX
2026-07-29 14:07:40,052 [INFO] [recon.py:192]: Running [HTTP Service Prober] on target: flipkart.com
2026-07-29 14:07:44,434 [INFO] [runner.py:51]: --> Running module: Naabu
2026-07-29 14:07:44,435 [INFO] [naabu.py:42]: Starting Naabu on: flipkart.com
2026-07-29 14:07:51,010 [INFO] [naabu.py:72]: Naabu discovered 0 open port(s)
2026-07-29 14:07:51,010 [INFO] [runner.py:51]: --> Running module: Nmap
2026-07-29 14:07:51,010 [INFO] [recon.py:250]: Running [Nmap Port & Service Scanner] on: flipkart.com
2026-07-29 14:08:05,987 [INFO] [runner.py:51]: --> Running module: WhatWeb
2026-07-29 14:08:05,988 [INFO] [recon.py:697]: Running [WhatWeb Tech Stack Fingerprinter] on: https://flipkart.com
2026-07-29 14:09:01,528 [INFO] [runner.py:51]: --> Running module: Katana
2026-07-29 14:09:01,529 [INFO] [recon.py:790]: Running [Katana Web Crawler] on: https://flipkart.com
2026-07-29 14:09:12,673 [INFO] [runner.py:51]: --> Running module: LinkFinder
2026-07-29 14:09:12,752 [INFO] [linkfinder.py:113]: Running LinkFinder on 1 JavaScript candidate(s)
2026-07-29 14:09:13,832 [INFO] [runner.py:51]: --> Running module: SecretFinder
2026-07-29 14:09:13,833 [INFO] [secretfinder.py:398]: [SecretFinder JavaScript Secret Scanner] ─── Starting SecretFinder JavaScript Analysis ───
2026-07-29 14:09:13,833 [INFO] [secretfinder.py:422]: [SecretFinder JavaScript Secret Scanner] No explicit JS endpoints were found. Falling back to target URL: https://flipkart.com
2026-07-29 14:09:13,833 [INFO] [secretfinder.py:428]: [SecretFinder JavaScript Secret Scanner] Discovered 1 JavaScript source(s) for SecretFinder analysis.
2026-07-29 14:09:13,833 [INFO] [secretfinder.py:441]: [SecretFinder JavaScript Secret Scanner] Scanning JS target: https://flipkart.com
2026-07-29 14:09:25,337 [INFO] [secretfinder.py:455]: [SecretFinder JavaScript Secret Scanner] 635 finding(s) discovered in https://flipkart.com
2026-07-29 14:09:25,344 [INFO] [secretfinder.py:604]: [SecretFinder JavaScript Secret Scanner] Secrets JSON saved to: /home/kali/Desktop/secure-site-scan-main/reports/flipkart.com/secrets.json
2026-07-29 14:09:25,344 [INFO] [secretfinder.py:470]: [SecretFinder JavaScript Secret Scanner] Scan complete — JS targets: 1 total / 1 scanned / 0 failed | Unique findings: 635
2026-07-29 14:09:25,353 [INFO] [runner.py:51]: --> Running module: TestSSL
2026-07-29 14:09:25,353 [INFO] [scanners.py:114]: Running [TestSSL Comprehensive TLS/SSL Auditor] on: flipkart.com:443
2026-07-29 14:10:31,670 [INFO] [runner.py:51]: --> Running module: Nuclei
2026-07-29 14:10:31,670 [INFO] [scanners.py:253]: Running [Nuclei Vulnerability Scanner] on: https://flipkart.com
2026-07-29 14:15:31,796 [ERROR] [executor.py:120]: Command timed out after 300 seconds: nuclei -u https://flipkart.com -j -o reports/flipkart.com/nuclei_output.json -silent -no-color
2026-07-29 14:15:31,796 [INFO] [runner.py:65]: --> Generating Consolidated Reports...
2026-07-29 14:15:31,806 [INFO] [reporter.py:50]: Master JSON report generated at: /home/kali/Desktop/secure-site-scan-main/reports/flipkart.com/report.json
2026-07-29 14:15:31,807 [INFO] [reporter.py:260]: Executive Markdown summary generated at: /home/kali/Desktop/secure-site-scan-main/reports/flipkart.com/summary.md
2026-07-29 14:21:47,762 [INFO] [main.py:34]: Initializing Modular Vulnerability Assessment Session...
2026-07-29 14:21:47,762 [INFO] [main.py:35]: Target Acquired: flipkart.com
2026-07-29 14:21:47,762 [INFO] [main.py:36]: Output Directory Configured: /home/kali/Desktop/secure-site-scan-main/reports/flipkart.com
2026-07-29 14:21:51,061 [INFO] [runner.py:35]: === Starting Assessment Pipeline on Target: flipkart.com ===
2026-07-29 14:21:51,061 [INFO] [runner.py:51]: --> Running module: Subfinder
2026-07-29 14:21:51,069 [INFO] [recon.py:63]: Running [Subfinder Subdomain Discovery] on: flipkart.com
2026-07-29 14:22:22,245 [INFO] [runner.py:51]: --> Running module: HTTPX
2026-07-29 14:22:22,245 [INFO] [recon.py:192]: Running [HTTP Service Prober] on target: flipkart.com
2026-07-29 14:22:24,787 [INFO] [runner.py:51]: --> Running module: Naabu
2026-07-29 14:22:24,787 [INFO] [naabu.py:42]: Starting Naabu on: flipkart.com
2026-07-29 14:22:31,387 [INFO] [naabu.py:72]: Naabu discovered 2 open port(s)
2026-07-29 14:22:31,387 [INFO] [runner.py:51]: --> Running module: Nmap
2026-07-29 14:22:31,387 [INFO] [recon.py:250]: Running [Nmap Port & Service Scanner] on: flipkart.com
2026-07-29 14:22:46,331 [INFO] [runner.py:51]: --> Running module: WhatWeb
2026-07-29 14:22:46,332 [INFO] [recon.py:697]: Running [WhatWeb Tech Stack Fingerprinter] on: https://flipkart.com
2026-07-29 14:23:47,525 [INFO] [runner.py:51]: --> Running module: Katana
2026-07-29 14:23:47,525 [INFO] [recon.py:790]: Running [Katana Web Crawler] on: https://flipkart.com
2026-07-29 14:23:58,630 [INFO] [runner.py:51]: --> Running module: LinkFinder
2026-07-29 14:23:58,712 [INFO] [linkfinder.py:113]: Running LinkFinder on 1 JavaScript candidate(s)
2026-07-29 14:23:59,860 [INFO] [runner.py:51]: --> Running module: SecretFinder
2026-07-29 14:23:59,860 [INFO] [secretfinder.py:398]: [SecretFinder JavaScript Secret Scanner] ─── Starting SecretFinder JavaScript Analysis ───
2026-07-29 14:23:59,860 [INFO] [secretfinder.py:422]: [SecretFinder JavaScript Secret Scanner] No explicit JS endpoints were found. Falling back to target URL: https://flipkart.com
2026-07-29 14:23:59,860 [INFO] [secretfinder.py:428]: [SecretFinder JavaScript Secret Scanner] Discovered 1 JavaScript source(s) for SecretFinder analysis.
2026-07-29 14:23:59,860 [INFO] [secretfinder.py:441]: [SecretFinder JavaScript Secret Scanner] Scanning JS target: https://flipkart.com
2026-07-29 14:24:11,911 [INFO] [secretfinder.py:455]: [SecretFinder JavaScript Secret Scanner] 638 finding(s) discovered in https://flipkart.com
2026-07-29 14:24:11,917 [INFO] [secretfinder.py:604]: [SecretFinder JavaScript Secret Scanner] Secrets JSON saved to: /home/kali/Desktop/secure-site-scan-main/reports/flipkart.com/secrets.json
2026-07-29 14:24:11,917 [INFO] [secretfinder.py:470]: [SecretFinder JavaScript Secret Scanner] Scan complete — JS targets: 1 total / 1 scanned / 0 failed | Unique findings: 638
2026-07-29 14:24:11,927 [INFO] [runner.py:51]: --> Running module: TestSSL
2026-07-29 14:24:11,927 [INFO] [scanners.py:114]: Running [TestSSL Comprehensive TLS/SSL Auditor] on: flipkart.com:443
2026-07-29 14:25:19,307 [INFO] [runner.py:51]: --> Running module: Nuclei
2026-07-29 14:25:19,307 [INFO] [scanners.py:253]: Running [Nuclei Vulnerability Scanner] on: https://flipkart.com
2026-07-29 14:30:19,441 [ERROR] [executor.py:120]: Command timed out after 300 seconds: nuclei -u https://flipkart.com -j -o reports/flipkart.com/nuclei_output.json -silent -no-color
2026-07-29 14:30:19,442 [INFO] [runner.py:65]: --> Generating Consolidated Reports...
2026-07-29 14:30:19,452 [INFO] [reporter.py:50]: Master JSON report generated at: /home/kali/Desktop/secure-site-scan-main/reports/flipkart.com/report.json
2026-07-29 14:30:19,453 [INFO] [reporter.py:260]: Executive Markdown summary generated at: /home/kali/Desktop/secure-site-scan-main/reports/flipkart.com/summary.md
2026-07-29 15:05:40,111 [INFO] [main.py:34]: Initializing Modular Vulnerability Assessment Session...
2026-07-29 15:05:40,112 [INFO] [main.py:35]: Target Acquired: flipkart.com
2026-07-29 15:05:40,112 [INFO] [main.py:36]: Output Directory Configured: /home/kali/Desktop/secure-site-scan-main/reports/flipkart.com
2026-07-29 15:05:42,405 [INFO] [runner.py:35]: === Starting Assessment Pipeline on Target: flipkart.com ===
2026-07-29 15:05:42,405 [INFO] [runner.py:51]: --> Running module: Subfinder
2026-07-29 15:05:42,413 [INFO] [recon.py:63]: Running [Subfinder Subdomain Discovery] on: flipkart.com
2026-07-29 15:06:14,275 [INFO] [runner.py:51]: --> Running module: HTTPX
2026-07-29 15:06:14,276 [INFO] [recon.py:192]: Running [HTTP Service Prober] on target: flipkart.com
2026-07-29 15:06:17,098 [INFO] [runner.py:51]: --> Running module: Naabu
2026-07-29 15:06:17,099 [INFO] [naabu.py:42]: Starting Naabu on: flipkart.com
2026-07-29 15:06:23,645 [INFO] [naabu.py:72]: Naabu discovered 0 open port(s)
2026-07-29 15:06:23,646 [INFO] [runner.py:51]: --> Running module: Nmap
2026-07-29 15:06:23,646 [INFO] [recon.py:250]: Running [Nmap Port & Service Scanner] on: flipkart.com
2026-07-29 15:06:38,620 [INFO] [runner.py:51]: --> Running module: WhatWeb
2026-07-29 15:06:38,621 [INFO] [recon.py:697]: Running [WhatWeb Tech Stack Fingerprinter] on: https://flipkart.com
2026-07-29 15:06:55,391 [INFO] [runner.py:51]: --> Running module: Katana
2026-07-29 15:06:55,391 [INFO] [recon.py:790]: Running [Katana Web Crawler] on: https://flipkart.com
2026-07-29 15:07:06,839 [INFO] [runner.py:51]: --> Running module: LinkFinder
2026-07-29 15:07:06,922 [INFO] [linkfinder.py:113]: Running LinkFinder on 1 JavaScript candidate(s)
2026-07-29 15:07:08,159 [INFO] [runner.py:51]: --> Running module: SecretFinder
2026-07-29 15:07:08,160 [INFO] [secretfinder.py:398]: [SecretFinder JavaScript Secret Scanner] ─── Starting SecretFinder JavaScript Analysis ───
2026-07-29 15:07:08,160 [INFO] [secretfinder.py:422]: [SecretFinder JavaScript Secret Scanner] No explicit JS endpoints were found. Falling back to target URL: https://flipkart.com
2026-07-29 15:07:08,160 [INFO] [secretfinder.py:428]: [SecretFinder JavaScript Secret Scanner] Discovered 1 JavaScript source(s) for SecretFinder analysis.
2026-07-29 15:07:08,160 [INFO] [secretfinder.py:441]: [SecretFinder JavaScript Secret Scanner] Scanning JS target: https://flipkart.com
2026-07-29 15:07:20,094 [INFO] [secretfinder.py:455]: [SecretFinder JavaScript Secret Scanner] 642 finding(s) discovered in https://flipkart.com
2026-07-29 15:07:20,101 [INFO] [secretfinder.py:604]: [SecretFinder JavaScript Secret Scanner] Secrets JSON saved to: /home/kali/Desktop/secure-site-scan-main/reports/flipkart.com/secrets.json
2026-07-29 15:07:20,101 [INFO] [secretfinder.py:470]: [SecretFinder JavaScript Secret Scanner] Scan complete — JS targets: 1 total / 1 scanned / 0 failed | Unique findings: 642
2026-07-29 15:07:20,110 [INFO] [runner.py:51]: --> Running module: TestSSL
2026-07-29 15:07:20,110 [INFO] [scanners.py:114]: Running [TestSSL Comprehensive TLS/SSL Auditor] on: flipkart.com:443
2026-07-29 15:08:47,714 [INFO] [runner.py:51]: --> Running module: Nuclei
2026-07-29 15:08:47,714 [INFO] [scanners.py:253]: Running [Nuclei Vulnerability Scanner] on: https://flipkart.com
2026-07-29 15:13:47,823 [ERROR] [executor.py:120]: Command timed out after 300 seconds: nuclei -u https://flipkart.com -j -o reports/flipkart.com/nuclei_output.json -silent -no-color
2026-07-29 15:13:47,824 [INFO] [runner.py:65]: --> Generating Consolidated Reports...
2026-07-29 15:13:47,835 [INFO] [reporter.py:50]: Master JSON report generated at: /home/kali/Desktop/secure-site-scan-main/reports/flipkart.com/report.json
2026-07-29 15:13:47,836 [INFO] [reporter.py:260]: Executive Markdown summary generated at: /home/kali/Desktop/secure-site-scan-main/reports/flipkart.com/summary.md
2026-07-29 15:13:47,874 [ERROR] [runner.py:88]: Failed to generate HTML report: 'NoneType' object is not iterable
2026-07-29 15:13:47,874 [INFO] [runner.py:90]: === Assessment Pipeline Execution Finished ===
2026-07-29 15:14:34,340 [INFO] [main.py:34]: Initializing Modular Vulnerability Assessment Session...
2026-07-29 15:14:34,341 [INFO] [main.py:35]: Target Acquired: amazon.com
2026-07-29 15:14:34,341 [INFO] [main.py:36]: Output Directory Configured: /home/kali/Desktop/secure-site-scan-main/reports/amazon.com
2026-07-29 15:14:44,002 [INFO] [runner.py:35]: === Starting Assessment Pipeline on Target: amazon.com ===
2026-07-29 15:14:44,002 [INFO] [runner.py:51]: --> Running module: Subfinder
2026-07-29 15:14:44,002 [INFO] [recon.py:63]: Running [Subfinder Subdomain Discovery] on: amazon.com
2026-07-29 15:19:44,121 [ERROR] [executor.py:120]: Command timed out after 300 seconds: subfinder -d amazon.com -o reports/amazon.com/subfinder_output.txt -silent -all
2026-07-29 15:19:44,121 [INFO] [runner.py:51]: --> Running module: HTTPX
2026-07-29 15:19:44,122 [INFO] [recon.py:192]: Running [HTTP Service Prober] on target: amazon.com
2026-07-29 15:19:48,985 [INFO] [runner.py:51]: --> Running module: Naabu
2026-07-29 15:19:48,985 [INFO] [naabu.py:42]: Starting Naabu on: amazon.com
2026-07-29 15:19:55,472 [INFO] [naabu.py:72]: Naabu discovered 0 open port(s)
2026-07-29 15:19:55,472 [INFO] [runner.py:51]: --> Running module: Nmap
2026-07-29 15:19:55,472 [INFO] [recon.py:250]: Running [Nmap Port & Service Scanner] on: amazon.com
2026-07-29 15:20:10,413 [INFO] [runner.py:51]: --> Running module: WhatWeb
2026-07-29 15:20:10,414 [INFO] [recon.py:697]: Running [WhatWeb Tech Stack Fingerprinter] on: https://amazon.com
2026-07-29 15:20:45,082 [INFO] [runner.py:51]: --> Running module: Katana
2026-07-29 15:20:45,082 [INFO] [recon.py:790]: Running [Katana Web Crawler] on: https://amazon.com
2026-07-29 15:20:59,170 [INFO] [runner.py:51]: --> Running module: LinkFinder
2026-07-29 15:20:59,252 [INFO] [linkfinder.py:113]: Running LinkFinder on 1 JavaScript candidate(s)
2026-07-29 15:21:01,086 [INFO] [runner.py:51]: --> Running module: SecretFinder
2026-07-29 15:21:01,086 [INFO] [secretfinder.py:398]: [SecretFinder JavaScript Secret Scanner] ─── Starting SecretFinder JavaScript Analysis ───
2026-07-29 15:21:01,086 [INFO] [secretfinder.py:422]: [SecretFinder JavaScript Secret Scanner] No explicit JS endpoints were found. Falling back to target URL: https://amazon.com
2026-07-29 15:21:01,086 [INFO] [secretfinder.py:428]: [SecretFinder JavaScript Secret Scanner] Discovered 1 JavaScript source(s) for SecretFinder analysis.
2026-07-29 15:21:01,086 [INFO] [secretfinder.py:441]: [SecretFinder JavaScript Secret Scanner] Scanning JS target: https://amazon.com
2026-07-29 15:21:03,045 [INFO] [secretfinder.py:604]: [SecretFinder JavaScript Secret Scanner] Secrets JSON saved to: /home/kali/Desktop/secure-site-scan-main/reports/amazon.com/secrets.json
2026-07-29 15:21:03,045 [INFO] [secretfinder.py:470]: [SecretFinder JavaScript Secret Scanner] Scan complete — JS targets: 1 total / 1 scanned / 0 failed | Unique findings: 0
2026-07-29 15:21:03,046 [INFO] [runner.py:51]: --> Running module: TestSSL
2026-07-29 15:21:03,046 [INFO] [scanners.py:114]: Running [TestSSL Comprehensive TLS/SSL Auditor] on: amazon.com:443
2026-07-29 15:26:03,063 [ERROR] [executor.py:120]: Command timed out after 300 seconds: testssl --color 2 --overwrite --jsonfile-pretty reports/amazon.com/testssl_output.json amazon.com:443
2026-07-29 15:26:03,064 [INFO] [runner.py:51]: --> Running module: Nuclei
2026-07-29 15:26:03,064 [INFO] [scanners.py:253]: Running [Nuclei Vulnerability Scanner] on: https://amazon.com
2026-07-29 15:31:03,186 [ERROR] [executor.py:120]: Command timed out after 300 seconds: nuclei -u https://amazon.com -j -o reports/amazon.com/nuclei_output.json -silent -no-color
2026-07-29 15:31:03,187 [INFO] [runner.py:65]: --> Generating Consolidated Reports...
2026-07-29 15:31:03,195 [INFO] [reporter.py:50]: Master JSON report generated at: /home/kali/Desktop/secure-site-scan-main/reports/amazon.com/report.json
2026-07-29 15:31:03,196 [INFO] [reporter.py:260]: Executive Markdown summary generated at: /home/kali/Desktop/secure-site-scan-main/reports/amazon.com/summary.md
2026-07-29 15:31:03,230 [ERROR] [runner.py:88]: Failed to generate HTML report: 'NoneType' object is not iterable
2026-07-29 15:31:03,230 [INFO] [runner.py:90]: === Assessment Pipeline Execution Finished ===
2026-07-29 16:06:10,244 [INFO] [main.py:34]: Initializing Modular Vulnerability Assessment Session...
2026-07-29 16:06:10,244 [INFO] [main.py:35]: Target Acquired: flipkart.com
2026-07-29 16:06:10,244 [INFO] [main.py:36]: Output Directory Configured: /home/kali/Desktop/secure-site-scan-main/reports/flipkart.com
2026-07-29 16:06:12,162 [INFO] [runner.py:35]: === Starting Assessment Pipeline on Target: flipkart.com ===
2026-07-29 16:06:12,162 [INFO] [runner.py:51]: --> Running module: Subfinder
2026-07-29 16:06:12,170 [INFO] [recon.py:63]: Running [Subfinder Subdomain Discovery] on: flipkart.com
2026-07-29 16:06:43,296 [INFO] [runner.py:51]: --> Running module: HTTPX
2026-07-29 16:06:43,297 [INFO] [recon.py:192]: Running [HTTP Service Prober] on target: flipkart.com
2026-07-29 16:06:46,277 [INFO] [runner.py:51]: --> Running module: Naabu
2026-07-29 16:06:46,277 [INFO] [naabu.py:42]: Starting Naabu on: flipkart.com
