2026-07-29 01:34:31,700 [INFO] [main.py:23]: Initializing Modular Vulnerability Assessment Session...
2026-07-29 01:34:31,700 [INFO] [main.py:24]: Target Acquired: example.com
2026-07-29 01:34:31,700 [INFO] [main.py:25]: Output Directory Configured: /home/kali/Desktop/secure-site-scan-main/reports/example.com
2026-07-29 01:34:31,701 [INFO] [runner.py:76]: --> Running selected module: nmap
2026-07-29 01:34:31,707 [INFO] [recon.py:248]: Running [Nmap Port & Service Scanner] on: example.com
2026-07-29 01:35:25,975 [INFO] [main.py:23]: Initializing Modular Vulnerability Assessment Session...
2026-07-29 01:35:25,976 [INFO] [main.py:24]: Target Acquired: example.com
2026-07-29 01:35:25,976 [INFO] [main.py:25]: Output Directory Configured: /home/kali/Desktop/secure-site-scan-main/reports/example.com
2026-07-29 01:35:30,811 [INFO] [runner.py:76]: --> Running selected module: secretfinder
2026-07-29 01:35:30,818 [INFO] [secretfinder.py:323]: [SecretFinder JavaScript Secret Scanner] ─── Starting SecretFinder JavaScript Analysis ───
2026-07-29 01:35:30,818 [INFO] [secretfinder.py:346]: [SecretFinder JavaScript Secret Scanner] No explicit JS endpoints were found. Falling back to target URL: example.com
2026-07-29 01:35:30,818 [INFO] [secretfinder.py:352]: [SecretFinder JavaScript Secret Scanner] Discovered 1 JavaScript source(s) for SecretFinder analysis.
2026-07-29 01:35:30,818 [INFO] [secretfinder.py:365]: [SecretFinder JavaScript Secret Scanner] Scanning JS target: example.com
2026-07-29 01:35:30,945 [INFO] [secretfinder.py:379]: [SecretFinder JavaScript Secret Scanner] 1 finding(s) discovered in example.com
2026-07-29 01:35:30,945 [INFO] [secretfinder.py:527]: [SecretFinder JavaScript Secret Scanner] Secrets JSON saved to: /home/kali/Desktop/secure-site-scan-main/reports/example.com/example.com/secrets.json
2026-07-29 01:35:30,945 [INFO] [secretfinder.py:393]: [SecretFinder JavaScript Secret Scanner] Scan complete — JS targets: 1 total / 1 scanned / 0 failed | Unique findings: 0
2026-07-29 03:05:55,775 [INFO] [main.py:23]: Initializing Modular Vulnerability Assessment Session...
2026-07-29 03:05:55,775 [INFO] [main.py:24]: Target Acquired: https://example.com
2026-07-29 03:05:55,776 [INFO] [main.py:25]: Output Directory Configured: /home/kali/Desktop/secure-site-scan-main/reports/example.com
2026-07-29 03:06:02,957 [INFO] [runner.py:35]: === Starting Assessment Pipeline on Target: https://example.com ===
2026-07-29 03:06:02,957 [INFO] [runner.py:40]: --> Running module: Subfinder
2026-07-29 03:06:02,965 [INFO] [recon.py:61]: Running [Subfinder Subdomain Discovery] on: example.com
