2026-07-29 10:25:47,164 [INFO] [main.py:34]: Initializing Modular Vulnerability Assessment Session...
2026-07-29 10:25:47,164 [INFO] [main.py:35]: Target Acquired: amazon.in
2026-07-29 10:25:47,164 [INFO] [main.py:36]: Output Directory Configured: /home/kali/Desktop/secure-site-scan-main/reports/amazon.in
2026-07-29 10:26:01,857 [INFO] [runner.py:89]: --> Running selected module: naabu
2026-07-29 10:26:01,866 [INFO] [naabu.py:42]: Starting Naabu on: amazon.in
2026-07-29 10:26:08,182 [INFO] [naabu.py:72]: Naabu discovered 0 open port(s)
2026-07-29 13:26:11,519 [INFO] [main.py:34]: Initializing Modular Vulnerability Assessment Session...
2026-07-29 13:26:11,525 [INFO] [main.py:35]: Target Acquired: amazon.in
2026-07-29 13:26:11,526 [INFO] [main.py:36]: Output Directory Configured: /home/kali/Desktop/secure-site-scan-main/reports/amazon.in
2026-07-29 13:26:18,202 [INFO] [runner.py:89]: --> Running selected module: linkfinder
2026-07-29 13:26:35,008 [INFO] [main.py:34]: Initializing Modular Vulnerability Assessment Session...
2026-07-29 13:26:35,008 [INFO] [main.py:35]: Target Acquired: lpu.in
2026-07-29 13:26:35,008 [INFO] [main.py:36]: Output Directory Configured: /home/kali/Desktop/secure-site-scan-main/reports/lpu.in
2026-07-29 13:26:38,126 [INFO] [runner.py:89]: --> Running selected module: linkfinder
2026-07-29 13:30:15,499 [INFO] [main.py:34]: Initializing Modular Vulnerability Assessment Session...
2026-07-29 13:30:15,499 [INFO] [main.py:35]: Target Acquired: amazon.in
2026-07-29 13:30:15,499 [INFO] [main.py:36]: Output Directory Configured: /home/kali/Desktop/secure-site-scan-main/reports/amazon.in
2026-07-29 13:30:21,268 [INFO] [runner.py:89]: --> Running selected module: linkfinder
2026-07-29 13:30:21,374 [INFO] [linkfinder.py:113]: Running LinkFinder on 1 JavaScript candidate(s)
2026-07-29 13:30:50,471 [INFO] [main.py:34]: Initializing Modular Vulnerability Assessment Session...
2026-07-29 13:30:50,471 [INFO] [main.py:35]: Target Acquired: flipkart.com
2026-07-29 13:30:50,471 [INFO] [main.py:36]: Output Directory Configured: /home/kali/Desktop/secure-site-scan-main/reports/flipkart.com
2026-07-29 13:30:57,034 [INFO] [runner.py:89]: --> Running selected module: linkfinder
2026-07-29 13:30:57,124 [INFO] [linkfinder.py:113]: Running LinkFinder on 1 JavaScript candidate(s)
