2026-07-24 23:12:40,855 [INFO] [main.py:35]: Initializing Modular Vulnerability Assessment Session...
2026-07-24 23:12:40,856 [INFO] [main.py:36]: Target Acquired: https://gu.academiaerp.com/
2026-07-24 23:12:40,856 [INFO] [main.py:37]: Output Directory Configured: /home/kali/Desktop/secure-site-scan-main/reports/gu.academiaerp.com_
2026-07-24 23:12:40,856 [INFO] [runner.py:33]: === Starting Assessment Pipeline on Target: https://gu.academiaerp.com/ ===
2026-07-24 23:12:40,856 [INFO] [runner.py:36]: --> [Phase 1/2] Launching Reconnaissance & Service Enumeration Tools...
2026-07-24 23:12:40,856 [INFO] [recon.py:27]: Running [Subfinder Subdomain Discovery] on target: https://gu.academiaerp.com/
2026-07-24 23:13:13,998 [INFO] [recon.py:69]: Running [HTTPX Service Prober] on target: https://gu.academiaerp.com/
2026-07-24 23:13:14,169 [INFO] [recon.py:124]: Running [Nmap Port & Service Scanner] on target: https://gu.academiaerp.com/
2026-07-24 23:13:14,317 [INFO] [recon.py:208]: Running [WhatWeb Tech Stack Fingerprinter] on target: https://gu.academiaerp.com/
2026-07-24 23:13:20,841 [INFO] [recon.py:263]: Running [Katana Web Crawler] on target: https://gu.academiaerp.com/
2026-07-24 23:13:35,788 [INFO] [runner.py:55]: --> [Phase 2/2] Launching Vulnerability Scanners...
2026-07-24 23:13:35,788 [WARNING] [base.py:42]: Tool binary 'testssl.sh' for module 'TestSSL Security Scanner' was not found in system PATH.
2026-07-24 23:13:35,788 [INFO] [scanners.py:86]: Running [Nuclei Vulnerability Scanner] on target: https://gu.academiaerp.com/
2026-07-24 23:18:46,551 [ERROR] [executor.py:82]: Command timed out after 300 seconds: nuclei -u https://gu.academiaerp.com/ -j -o reports/gu.academiaerp.com_/nuclei_output.json -silent
2026-07-24 23:18:46,552 [INFO] [runner.py:71]: --> [Phase 3/3] Generating Consolidated Reports...
2026-07-24 23:18:46,552 [INFO] [reporter.py:50]: Master JSON report generated at: /home/kali/Desktop/secure-site-scan-main/reports/gu.academiaerp.com_/report.json
2026-07-24 23:18:46,552 [INFO] [reporter.py:111]: Executive Markdown summary generated at: /home/kali/Desktop/secure-site-scan-main/reports/gu.academiaerp.com_/summary.md
2026-07-24 23:18:46,559 [INFO] [reporter.py:146]: Professional Jinja2 HTML report generated at: /home/kali/Desktop/secure-site-scan-main/reports/gu.academiaerp.com_/report.html
2026-07-24 23:18:46,559 [INFO] [runner.py:76]: === Assessment Pipeline Execution Finished Successfully ===
2026-07-25 01:01:10,780 [INFO] [main.py:35]: Initializing Modular Vulnerability Assessment Session...
2026-07-25 01:01:10,780 [INFO] [main.py:36]: Target Acquired: https://gu.academiaerp.com/
2026-07-25 01:01:10,780 [INFO] [main.py:37]: Output Directory Configured: /home/kali/Desktop/secure-site-scan-main/reports/gu.academiaerp.com_
2026-07-25 01:01:10,780 [INFO] [runner.py:54]: === Starting Assessment Pipeline on Target: https://gu.academiaerp.com/ ===
2026-07-25 01:01:10,780 [INFO] [runner.py:57]: --> [Phase 1/2] Launching Reconnaissance & Service Enumeration Tools...
2026-07-25 01:01:10,781 [INFO] [recon.py:27]: Running [Subfinder Subdomain Discovery] on target: https://gu.academiaerp.com/
2026-07-25 01:01:13,668 [INFO] [recon.py:69]: Running [HTTPX Service Prober] on target: https://gu.academiaerp.com/
2026-07-25 01:01:13,839 [INFO] [recon.py:124]: Running [Nmap Port & Service Scanner] on target: https://gu.academiaerp.com/
2026-07-25 01:01:13,963 [INFO] [recon.py:208]: Running [WhatWeb Tech Stack Fingerprinter] on target: https://gu.academiaerp.com/
2026-07-25 01:01:21,298 [INFO] [recon.py:263]: Running [Katana Web Crawler] on target: https://gu.academiaerp.com/
2026-07-25 01:01:37,233 [INFO] [runner.py:86]: --> [Phase 2/2] Launching Vulnerability Scanners...
2026-07-25 01:01:37,233 [WARNING] [base.py:42]: Tool binary 'testssl.sh' for module 'TestSSL Security Scanner' was not found in system PATH.
2026-07-25 01:01:37,233 [INFO] [scanners.py:86]: Running [Nuclei Vulnerability Scanner] on target: https://gu.academiaerp.com/
2026-07-25 01:06:46,570 [ERROR] [executor.py:82]: Command timed out after 300 seconds: nuclei -u https://gu.academiaerp.com/ -j -o reports/gu.academiaerp.com_/nuclei_output.json -silent
2026-07-25 01:06:46,571 [INFO] [runner.py:100]: --> [Phase 3/3] Generating Consolidated Reports...
2026-07-25 01:06:46,572 [INFO] [reporter.py:50]: Master JSON report generated at: /home/kali/Desktop/secure-site-scan-main/reports/gu.academiaerp.com_/report.json
2026-07-25 01:06:46,572 [INFO] [reporter.py:111]: Executive Markdown summary generated at: /home/kali/Desktop/secure-site-scan-main/reports/gu.academiaerp.com_/summary.md
2026-07-25 01:23:04,210 [INFO] [main.py:35]: Initializing Modular Vulnerability Assessment Session...
2026-07-25 01:23:04,210 [INFO] [main.py:36]: Target Acquired: https://gu.academiaerp.com/
2026-07-25 01:23:04,211 [INFO] [main.py:37]: Output Directory Configured: /home/kali/Desktop/secure-site-scan-main/reports/gu.academiaerp.com_
2026-07-25 01:23:04,211 [INFO] [runner.py:54]: === Starting Assessment Pipeline on Target: https://gu.academiaerp.com/ ===
2026-07-25 01:23:04,211 [INFO] [runner.py:57]: --> [Phase 1/2] Launching Reconnaissance & Service Enumeration Tools...
2026-07-25 01:23:04,211 [INFO] [recon.py:61]: Running [Subfinder Subdomain Discovery] on: gu.academiaerp.com
2026-07-25 01:23:26,571 [INFO] [recon.py:190]: Running [HTTP Service Prober] on target: https://gu.academiaerp.com/
2026-07-25 01:23:27,330 [INFO] [recon.py:248]: Running [Nmap Port & Service Scanner] on: gu.academiaerp.com
2026-07-25 01:24:19,975 [INFO] [recon.py:393]: Running [WhatWeb Tech Stack Fingerprinter] on: https://gu.academiaerp.com/
2026-07-25 01:24:26,362 [INFO] [recon.py:486]: Running [Katana Web Crawler] on: https://gu.academiaerp.com/
2026-07-25 01:24:45,489 [INFO] [runner.py:86]: --> [Phase 2/2] Launching Vulnerability Scanners...
2026-07-25 01:24:45,489 [INFO] [scanners.py:114]: Running [TestSSL Comprehensive TLS/SSL Auditor] on: gu.academiaerp.com:443
2026-07-25 01:24:45,575 [INFO] [scanners.py:267]: Running [Nuclei Vulnerability Scanner] on: https://gu.academiaerp.com/
2026-07-25 01:29:57,592 [ERROR] [executor.py:82]: Command timed out after 300 seconds: nuclei -u https://gu.academiaerp.com/ -j -o reports/gu.academiaerp.com_/nuclei_output.json -silent -no-color
2026-07-25 01:29:57,593 [INFO] [runner.py:100]: --> [Phase 3/3] Generating Consolidated Reports...
2026-07-25 01:29:57,595 [INFO] [reporter.py:50]: Master JSON report generated at: /home/kali/Desktop/secure-site-scan-main/reports/gu.academiaerp.com_/report.json
2026-07-25 01:29:57,595 [INFO] [reporter.py:111]: Executive Markdown summary generated at: /home/kali/Desktop/secure-site-scan-main/reports/gu.academiaerp.com_/summary.md
2026-07-25 01:44:13,026 [INFO] [main.py:35]: Initializing Modular Vulnerability Assessment Session...
2026-07-25 01:44:13,026 [INFO] [main.py:36]: Target Acquired: https://gu.academiaerp.com/
2026-07-25 01:44:13,026 [INFO] [main.py:37]: Output Directory Configured: /home/kali/Desktop/secure-site-scan-main/reports/gu.academiaerp.com_
2026-07-25 01:44:13,027 [INFO] [runner.py:54]: === Starting Assessment Pipeline on Target: https://gu.academiaerp.com/ ===
2026-07-25 01:44:13,027 [INFO] [runner.py:57]: --> [Phase 1/2] Launching Reconnaissance & Service Enumeration Tools...
2026-07-25 01:44:13,027 [INFO] [recon.py:61]: Running [Subfinder Subdomain Discovery] on: gu.academiaerp.com
2026-07-25 01:44:45,791 [INFO] [recon.py:190]: Running [HTTP Service Prober] on target: https://gu.academiaerp.com/
2026-07-25 01:44:45,901 [INFO] [recon.py:248]: Running [Nmap Port & Service Scanner] on: gu.academiaerp.com
2026-07-25 01:46:03,813 [INFO] [recon.py:393]: Running [WhatWeb Tech Stack Fingerprinter] on: https://gu.academiaerp.com/
2026-07-25 01:46:10,684 [INFO] [recon.py:486]: Running [Katana Web Crawler] on: https://gu.academiaerp.com/
2026-07-25 01:46:28,817 [INFO] [runner.py:86]: --> [Phase 2/2] Launching Vulnerability Scanners...
2026-07-25 01:46:28,817 [INFO] [scanners.py:114]: Running [TestSSL Comprehensive TLS/SSL Auditor] on: gu.academiaerp.com:443
2026-07-25 01:46:28,902 [INFO] [scanners.py:267]: Running [Nuclei Vulnerability Scanner] on: https://gu.academiaerp.com/
2026-07-25 01:51:38,188 [ERROR] [executor.py:82]: Command timed out after 300 seconds: nuclei -u https://gu.academiaerp.com/ -j -o reports/gu.academiaerp.com_/nuclei_output.json -silent -no-color
2026-07-25 01:51:38,190 [INFO] [runner.py:100]: --> [Phase 3/3] Generating Consolidated Reports...
2026-07-25 01:51:38,191 [INFO] [reporter.py:50]: Master JSON report generated at: /home/kali/Desktop/secure-site-scan-main/reports/gu.academiaerp.com_/report.json
2026-07-25 01:51:38,191 [INFO] [reporter.py:111]: Executive Markdown summary generated at: /home/kali/Desktop/secure-site-scan-main/reports/gu.academiaerp.com_/summary.md
2026-07-25 02:14:29,957 [INFO] [main.py:35]: Initializing Modular Vulnerability Assessment Session...
2026-07-25 02:14:29,958 [INFO] [main.py:36]: Target Acquired: https://gu.academiaerp.com/
2026-07-25 02:14:29,958 [INFO] [main.py:37]: Output Directory Configured: /home/kali/Desktop/secure-site-scan-main/reports/gu.academiaerp.com_
2026-07-25 02:14:29,958 [INFO] [runner.py:54]: === Starting Assessment Pipeline on Target: https://gu.academiaerp.com/ ===
2026-07-25 02:14:29,958 [INFO] [runner.py:57]: --> [Phase 1/2] Launching Reconnaissance & Service Enumeration Tools...
2026-07-25 02:14:29,958 [INFO] [recon.py:61]: Running [Subfinder Subdomain Discovery] on: gu.academiaerp.com
2026-07-25 02:14:44,202 [INFO] [recon.py:190]: Running [HTTP Service Prober] on target: https://gu.academiaerp.com/
2026-07-25 02:14:44,362 [INFO] [recon.py:248]: Running [Nmap Port & Service Scanner] on: gu.academiaerp.com
2026-07-25 02:15:40,931 [INFO] [recon.py:393]: Running [WhatWeb Tech Stack Fingerprinter] on: https://gu.academiaerp.com/
2026-07-25 02:15:47,030 [INFO] [recon.py:486]: Running [Katana Web Crawler] on: https://gu.academiaerp.com/
2026-07-25 02:16:10,293 [INFO] [runner.py:86]: --> [Phase 2/2] Launching Vulnerability Scanners...
2026-07-25 02:16:10,293 [INFO] [scanners.py:114]: Running [TestSSL Comprehensive TLS/SSL Auditor] on: gu.academiaerp.com:443
2026-07-25 02:18:49,998 [INFO] [scanners.py:252]: Running [Nuclei Vulnerability Scanner] on: https://gu.academiaerp.com/
2026-07-25 02:24:00,404 [ERROR] [executor.py:82]: Command timed out after 300 seconds: nuclei -u https://gu.academiaerp.com/ -j -o reports/gu.academiaerp.com_/nuclei_output.json -silent -no-color
2026-07-25 02:24:00,405 [INFO] [runner.py:100]: --> [Phase 3/3] Generating Consolidated Reports...
2026-07-25 02:24:00,407 [INFO] [reporter.py:50]: Master JSON report generated at: /home/kali/Desktop/secure-site-scan-main/reports/gu.academiaerp.com_/report.json
2026-07-25 02:24:00,407 [INFO] [reporter.py:111]: Executive Markdown summary generated at: /home/kali/Desktop/secure-site-scan-main/reports/gu.academiaerp.com_/summary.md
