2026-07-25 04:47:27,686 [INFO] [main.py:35]: Initializing Modular Vulnerability Assessment Session...
2026-07-25 04:47:27,686 [INFO] [main.py:36]: Target Acquired: www.hackerone.com
2026-07-25 04:47:27,687 [INFO] [main.py:37]: Output Directory Configured: /home/kali/Desktop/secure-site-scan-main/reports/www.hackerone.com
2026-07-25 04:47:27,687 [INFO] [runner.py:54]: === Starting Assessment Pipeline on Target: www.hackerone.com ===
2026-07-25 04:47:27,687 [INFO] [runner.py:57]: --> [Phase 1/2] Launching Reconnaissance & Service Enumeration Tools...
2026-07-25 04:47:27,687 [INFO] [recon.py:61]: Running [Subfinder Subdomain Discovery] on: www.hackerone.com
2026-07-25 04:47:59,907 [INFO] [recon.py:190]: Running [HTTP Service Prober] on target: www.hackerone.com
2026-07-25 04:48:00,702 [INFO] [recon.py:248]: Running [Nmap Port & Service Scanner] on: www.hackerone.com
2026-07-25 04:49:03,770 [INFO] [recon.py:393]: Running [WhatWeb Tech Stack Fingerprinter] on: https://www.hackerone.com
2026-07-25 04:51:16,849 [INFO] [recon.py:486]: Running [Katana Web Crawler] on: https://www.hackerone.com
2026-07-25 04:56:27,022 [ERROR] [executor.py:82]: Command timed out after 300 seconds: katana -u https://www.hackerone.com -jc -d 3 -silent -o reports/www.hackerone.com/katana_output.txt
2026-07-25 04:56:27,129 [INFO] [runner.py:86]: --> [Phase 2/2] Launching Vulnerability Scanners...
2026-07-25 04:56:27,130 [INFO] [scanners.py:114]: Running [TestSSL Comprehensive TLS/SSL Auditor] on: www.hackerone.com:443
2026-07-25 04:59:46,239 [INFO] [scanners.py:253]: Running [Nuclei Vulnerability Scanner] on: https://www.hackerone.com
2026-07-25 05:04:56,167 [ERROR] [executor.py:82]: Command timed out after 300 seconds: nuclei -u https://www.hackerone.com -j -o reports/www.hackerone.com/nuclei_output.json -silent -no-color
2026-07-25 05:04:56,168 [INFO] [runner.py:100]: --> [Phase 3/3] Generating Consolidated Reports...
2026-07-25 05:04:56,173 [INFO] [reporter.py:50]: Master JSON report generated at: /home/kali/Desktop/secure-site-scan-main/reports/www.hackerone.com/report.json
2026-07-25 05:04:56,173 [INFO] [reporter.py:128]: Executive Markdown summary generated at: /home/kali/Desktop/secure-site-scan-main/reports/www.hackerone.com/summary.md
2026-07-25 05:21:40,793 [INFO] [main.py:35]: Initializing Modular Vulnerability Assessment Session...
2026-07-25 05:21:40,793 [INFO] [main.py:36]: Target Acquired: www.hackerone.com
2026-07-25 05:21:40,793 [INFO] [main.py:37]: Output Directory Configured: /home/kali/Desktop/secure-site-scan-main/reports/www.hackerone.com
2026-07-25 05:21:40,793 [INFO] [runner.py:54]: === Starting Assessment Pipeline on Target: www.hackerone.com ===
2026-07-25 05:21:40,794 [INFO] [runner.py:57]: --> [Phase 1/2] Launching Reconnaissance & Service Enumeration Tools...
2026-07-25 05:21:40,794 [INFO] [recon.py:61]: Running [Subfinder Subdomain Discovery] on: www.hackerone.com
2026-07-25 05:22:13,225 [INFO] [recon.py:190]: Running [HTTP Service Prober] on target: www.hackerone.com
2026-07-25 05:22:13,895 [INFO] [recon.py:248]: Running [Nmap Port & Service Scanner] on: www.hackerone.com
2026-07-25 05:23:02,181 [INFO] [recon.py:393]: Running [WhatWeb Tech Stack Fingerprinter] on: https://www.hackerone.com
